
> chat-admin-panel@0.1.0 build
> next build

node.exe :  ΓÜá 
Warning: Next.js 
inferred your 
workspace root, but 
it may not be 
correct.
At C:\Program Files\n
odejs\npm.ps1:29 
char:3
+   & $NODE_EXE 
$NPM_CLI_JS $args
+   ~~~~~~~~~~~~~~~~~
~~~~~~~~~~~~
    + CategoryInfo   
           : NotSpe  
  cified: ( ΓÜá Wa   
 rning: N...not b    
e correct.:Strin    
g) [], RemoteExc    
eption
    + FullyQualified 
   ErrorId : Native  
  CommandError
 
 We detected 
multiple lockfiles 
and selected the 
directory of C:\Users
\natanim\package-lock
.json as the root 
directory.
 To silence this 
warning, set 
`turbopack.root` in 
your Next.js config, 
or consider removing 
one of the lockfiles 
if it's not needed.
   See https://nextjs
.org/docs/app/api-ref
erence/config/next-co
nfig-js/turbopack#roo
t-directory for more 
information.
 Detected additional 
lockfiles: 
   * C:\Users\natanim
\Documents\GitHub\nat
anim-haile\chat-admin
-panel\package-lock.j
son

   Γû▓ Next.js 16.0.7 (Turbopack)
   - Environments: .env.local, .env

   Creating an optimized production build ...

> Build error 
occurred
Error: Turbopack 
build failed with 7 
errors:
./Documents/GitHub/na
tanim-haile/chat-admi
n-panel/src/app/email
s/page.tsx:6:1
Module not found: 
Can't resolve '@/comp
onents/ui/label'
[0m [90m 4 |[39m 
[36mimport[39m { [
33mCard[39m[33m,[3
9m [33mCardContent[
39m[33m,[39m [33mC
ardDescription[39m[
33m,[39m [33mCardHe
ader[39m[33m,[39m 
[33mCardTitle[39m 
} [36mfrom[39m [32
m"@/components/ui/car
d"[39m
 [90m 5 |[39m 
[36mimport[39m { 
[33mInput[39m } 
[36mfrom[39m [32m"
@/components/ui/input
"[39m
[31m[1m>[22m[39m
[90m 6 |[39m 
[36mimport[39m { 
[33mLabel[39m } 
[36mfrom[39m [32m"
@/components/ui/label
"[39m
 [90m   |[39m [31m
[1m^[22m[39m[31m
[1m^[22m[39m[31m[
1m^[22m[39m[31m[1
m^[22m[39m[31m[1m
^[22m[39m[31m[1m^
[22m[39m[31m[1m^
[22m[39m[31m[1m^[
22m[39m[31m[1m^[2
2m[39m[31m[1m^[22
m[39m[31m[1m^[22m
[39m[31m[1m^[22m
[39m[31m[1m^[22m[
39m[31m[1m^[22m[3
9m[31m[1m^[22m[39
m[31m[1m^[22m[39m
[31m[1m^[22m[39m
[31m[1m^[22m[39m[
31m[1m^[22m[39m[3
1m[1m^[22m[39m[31
m[1m^[22m[39m[31m
[1m^[22m[39m[31m
[1m^[22m[39m[31m[
1m^[22m[39m[31m[1
m^[22m[39m[31m[1m
^[22m[39m[31m[1m^
[22m[39m[31m[1m^
[22m[39m[31m[1m^[
22m[39m[31m[1m^[2
2m[39m[31m[1m^[22
m[39m[31m[1m^[22m
[39m[31m[1m^[22m
[39m[31m[1m^[22m[
39m[31m[1m^[22m[3
9m[31m[1m^[22m[39
m[31m[1m^[22m[39m
[31m[1m^[22m[39m
[31m[1m^[22m[39m[
31m[1m^[22m[39m[3
1m[1m^[22m[39m[31
m[1m^[22m[39m[31m
[1m^[22m[39m[31m
[1m^[22m[39m[31m[
1m^[22m[39m
 [90m 7 |[39m 
[36mimport[39m { 
[33mTextarea[39m } 
[36mfrom[39m [32m"
@/components/ui/texta
rea"[39m
 [90m 8 |[39m 
[36mimport[39m { [
33mMail[39m[33m,[3
9m [33mPlus[39m } 
[36mfrom[39m [32m"
lucide-react"[39m
 [90m 9 |[39m[0m

Import map: aliased 
to relative './src/co
mponents/ui/label' 
inside of [project]/D
ocuments/GitHub/natan
im-haile/chat-admin-p
anel


Import traces:
  Client Component 
Browser:
    ./Documents/GitHu
b/natanim-haile/chat-
admin-panel/src/app/e
mails/page.tsx 
[Client Component 
Browser]
    ./Documents/GitHu
b/natanim-haile/chat-
admin-panel/src/app/e
mails/page.tsx 
[Server Component]

  Client Component 
SSR:
    ./Documents/GitHu
b/natanim-haile/chat-
admin-panel/src/app/e
mails/page.tsx 
[Client Component 
SSR]
    ./Documents/GitHu
b/natanim-haile/chat-
admin-panel/src/app/e
mails/page.tsx 
[Server Component]

https://nextjs.org/do
cs/messages/module-no
t-found


./Documents/GitHub/na
tanim-haile/chat-admi
n-panel/src/app/notif
ications/page.tsx:6:1
Module not found: 
Can't resolve '@/comp
onents/ui/label'
[0m [90m 4 |[39m 
[36mimport[39m { [
33mCard[39m[33m,[3
9m [33mCardContent[
39m[33m,[39m [33mC
ardDescription[39m[
33m,[39m [33mCardHe
ader[39m[33m,[39m 
[33mCardTitle[39m 
} [36mfrom[39m [32
m"@/components/ui/car
d"[39m
 [90m 5 |[39m 
[36mimport[39m { 
[33mInput[39m } 
[36mfrom[39m [32m"
@/components/ui/input
"[39m
[31m[1m>[22m[39m
[90m 6 |[39m 
[36mimport[39m { 
[33mLabel[39m } 
[36mfrom[39m [32m"
@/components/ui/label
"[39m
 [90m   |[39m [31m
[1m^[22m[39m[31m
[1m^[22m[39m[31m[
1m^[22m[39m[31m[1
m^[22m[39m[31m[1m
^[22m[39m[31m[1m^
[22m[39m[31m[1m^
[22m[39m[31m[1m^[
22m[39m[31m[1m^[2
2m[39m[31m[1m^[22
m[39m[31m[1m^[22m
[39m[31m[1m^[22m
[39m[31m[1m^[22m[
39m[31m[1m^[22m[3
9m[31m[1m^[22m[39
m[31m[1m^[22m[39m
[31m[1m^[22m[39m
[31m[1m^[22m[39m[
31m[1m^[22m[39m[3
1m[1m^[22m[39m[31
m[1m^[22m[39m[31m
[1m^[22m[39m[31m
[1m^[22m[39m[31m[
1m^[22m[39m[31m[1
m^[22m[39m[31m[1m
^[22m[39m[31m[1m^
[22m[39m[31m[1m^
[22m[39m[31m[1m^[
22m[39m[31m[1m^[2
2m[39m[31m[1m^[22
m[39m[31m[1m^[22m
[39m[31m[1m^[22m
[39m[31m[1m^[22m[
39m[31m[1m^[22m[3
9m[31m[1m^[22m[39
m[31m[1m^[22m[39m
[31m[1m^[22m[39m
[31m[1m^[22m[39m[
31m[1m^[22m[39m[3
1m[1m^[22m[39m[31
m[1m^[22m[39m[31m
[1m^[22m[39m[31m
[1m^[22m[39m[31m[
1m^[22m[39m
 [90m 7 |[39m 
[36mimport[39m { 
[33mTextarea[39m } 
[36mfrom[39m [32m"
@/components/ui/texta
rea"[39m
 [90m 8 |[39m 
[36mimport[39m { 
[33mSend[39m } 
[36mfrom[39m [32m"
lucide-react"[39m
 [90m 9 |[39m[0m

Import map: aliased 
to relative './src/co
mponents/ui/label' 
inside of [project]/D
ocuments/GitHub/natan
im-haile/chat-admin-p
anel


Import traces:
  Client Component 
Browser:
    ./Documents/GitHu
b/natanim-haile/chat-
admin-panel/src/app/n
otifications/page.tsx
 [Client Component 
Browser]
    ./Documents/GitHu
b/natanim-haile/chat-
admin-panel/src/app/n
otifications/page.tsx
 [Server Component]

  Client Component 
SSR:
    ./Documents/GitHu
b/natanim-haile/chat-
admin-panel/src/app/n
otifications/page.tsx
 [Client Component 
SSR]
    ./Documents/GitHu
b/natanim-haile/chat-
admin-panel/src/app/n
otifications/page.tsx
 [Server Component]

https://nextjs.org/do
cs/messages/module-no
t-found


./Documents/GitHub/na
tanim-haile/chat-admi
n-panel/src/app/users
/new/page.tsx:8:1
Module not found: 
Can't resolve '@/comp
onents/ui/label'
[0m [90m  6 |[39m 
[36mimport[39m { 
[33mButton[39m } 
[36mfrom[39m [32m"
@/components/ui/butto
n"[39m
 [90m  7 |[39m 
[36mimport[39m { 
[33mInput[39m } 
[36mfrom[39m [32m"
@/components/ui/input
"[39m
[31m[1m>[22m[39m
[90m  8 |[39m 
[36mimport[39m { 
[33mLabel[39m } 
[36mfrom[39m [32m"
@/components/ui/label
"[39m
 [90m    |[39m [31
m[1m^[22m[39m[31m
[1m^[22m[39m[31m
[1m^[22m[39m[31m[
1m^[22m[39m[31m[1
m^[22m[39m[31m[1m
^[22m[39m[31m[1m^
[22m[39m[31m[1m^
[22m[39m[31m[1m^[
22m[39m[31m[1m^[2
2m[39m[31m[1m^[22
m[39m[31m[1m^[22m
[39m[31m[1m^[22m
[39m[31m[1m^[22m[
39m[31m[1m^[22m[3
9m[31m[1m^[22m[39
m[31m[1m^[22m[39m
[31m[1m^[22m[39m
[31m[1m^[22m[39m[
31m[1m^[22m[39m[3
1m[1m^[22m[39m[31
m[1m^[22m[39m[31m
[1m^[22m[39m[31m
[1m^[22m[39m[31m[
1m^[22m[39m[31m[1
m^[22m[39m[31m[1m
^[22m[39m[31m[1m^
[22m[39m[31m[1m^
[22m[39m[31m[1m^[
22m[39m[31m[1m^[2
2m[39m[31m[1m^[22
m[39m[31m[1m^[22m
[39m[31m[1m^[22m
[39m[31m[1m^[22m[
39m[31m[1m^[22m[3
9m[31m[1m^[22m[39
m[31m[1m^[22m[39m
[31m[1m^[22m[39m
[31m[1m^[22m[39m[
31m[1m^[22m[39m[3
1m[1m^[22m[39m[31
m[1m^[22m[39m[31m
[1m^[22m[39m[31m
[1m^[22m[39m
 [90m  9 |[39m 
[36mimport[39m {
 [90m 10 |[39m     
[33mSelect[39m[33m
,[39m
 [90m 11 |[39m     
[33mSelectContent[3
9m[33m,[39m[0m

Import map: aliased 
to relative './src/co
mponents/ui/label' 
inside of [project]/D
ocuments/GitHub/natan
im-haile/chat-admin-p
anel


Import traces:
  Client Component 
Browser:
    ./Documents/GitHu
b/natanim-haile/chat-
admin-panel/src/app/u
sers/new/page.tsx 
[Client Component 
Browser]
    ./Documents/GitHu
b/natanim-haile/chat-
admin-panel/src/app/u
sers/new/page.tsx 
[Server Component]

  Client Component 
SSR:
    ./Documents/GitHu
b/natanim-haile/chat-
admin-panel/src/app/u
sers/new/page.tsx 
[Client Component 
SSR]
    ./Documents/GitHu
b/natanim-haile/chat-
admin-panel/src/app/u
sers/new/page.tsx 
[Server Component]

https://nextjs.org/do
cs/messages/module-no
t-found


./Documents/GitHub/na
tanim-haile/chat-admi
n-panel/src/app/chat/
page.tsx:8:1
Module not found: 
Can't resolve '@/comp
onents/ui/scroll-area
'
[0m [90m  6 |[39m 
[36mimport[39m { 
[33mInput[39m } 
[36mfrom[39m [32m"
@/components/ui/input
"[39m
 [90m  7 |[39m 
[36mimport[39m { 
[33mButton[39m } 
[36mfrom[39m [32m"
@/components/ui/butto
n"[39m
[31m[1m>[22m[39m
[90m  8 |[39m 
[36mimport[39m { 
[33mScrollArea[39m 
} [36mfrom[39m [32
m"@/components/ui/scr
oll-area"[39m
 [90m    |[39m [31
m[1m^[22m[39m[31m
[1m^[22m[39m[31m
[1m^[22m[39m[31m[
1m^[22m[39m[31m[1
m^[22m[39m[31m[1m
^[22m[39m[31m[1m^
[22m[39m[31m[1m^
[22m[39m[31m[1m^[
22m[39m[31m[1m^[2
2m[39m[31m[1m^[22
m[39m[31m[1m^[22m
[39m[31m[1m^[22m
[39m[31m[1m^[22m[
39m[31m[1m^[22m[3
9m[31m[1m^[22m[39
m[31m[1m^[22m[39m
[31m[1m^[22m[39m
[31m[1m^[22m[39m[
31m[1m^[22m[39m[3
1m[1m^[22m[39m[31
m[1m^[22m[39m[31m
[1m^[22m[39m[31m
[1m^[22m[39m[31m[
1m^[22m[39m[31m[1
m^[22m[39m[31m[1m
^[22m[39m[31m[1m^
[22m[39m[31m[1m^
[22m[39m[31m[1m^[
22m[39m[31m[1m^[2
2m[39m[31m[1m^[22
m[39m[31m[1m^[22m
[39m[31m[1m^[22m
[39m[31m[1m^[22m[
39m[31m[1m^[22m[3
9m[31m[1m^[22m[39
m[31m[1m^[22m[39m
[31m[1m^[22m[39m
[31m[1m^[22m[39m[
31m[1m^[22m[39m[3
1m[1m^[22m[39m[31
m[1m^[22m[39m[31m
[1m^[22m[39m[31m
[1m^[22m[39m[31m[
1m^[22m[39m[31m[1
m^[22m[39m[31m[1m
^[22m[39m[31m[1m^
[22m[39m[31m[1m^
[22m[39m[31m[1m^[
22m[39m[31m[1m^[2
2m[39m[31m[1m^[22
m[39m[31m[1m^[22m
[39m[31m[1m^[22m
[39m[31m[1m^[22m[
39m
 [90m  9 |[39m 
[36mimport[39m { [
33mAvatar[39m[33m,
[39m [33mAvatarFallb
ack[39m[33m,[39m 
[33mAvatarImage[39m 
} [36mfrom[39m [32
m"@/components/ui/ava
tar"[39m
 [90m 10 |[39m 
[36mimport[39m { 
[33mSend[39m } 
[36mfrom[39m [32m"
lucide-react"[39m
 [90m 11 |[39m[0m

Import map: aliased 
to relative './src/co
mponents/ui/scroll-ar
ea' inside of [projec
t]/Documents/GitHub/n
atanim-haile/chat-adm
in-panel


Import traces:
  Client Component 
Browser:
    ./Documents/GitHu
b/natanim-haile/chat-
admin-panel/src/app/c
hat/page.tsx [Client 
Component Browser]
    ./Documents/GitHu
b/natanim-haile/chat-
admin-panel/src/app/c
hat/page.tsx [Server 
Component]

  Client Component 
SSR:
    ./Documents/GitHu
b/natanim-haile/chat-
admin-panel/src/app/c
hat/page.tsx [Client 
Component SSR]
    ./Documents/GitHu
b/natanim-haile/chat-
admin-panel/src/app/c
hat/page.tsx [Server 
Component]

https://nextjs.org/do
cs/messages/module-no
t-found


./Documents/GitHub/na
tanim-haile/chat-admi
n-panel/src/app/users
/new/page.tsx:9:1
Module not found: 
Can't resolve '@/comp
onents/ui/select'
[0m [90m  7 |[39m 
[36mimport[39m { 
[33mInput[39m } 
[36mfrom[39m [32m"
@/components/ui/input
"[39m
 [90m  8 |[39m 
[36mimport[39m { 
[33mLabel[39m } 
[36mfrom[39m [32m"
@/components/ui/label
"[39m
[31m[1m>[22m[39m
[90m  9 |[39m 
[36mimport[39m {
 [90m    |[39m [31
m[1m^[22m[39m[31m
[1m^[22m[39m[31m
[1m^[22m[39m[31m[
1m^[22m[39m[31m[1
m^[22m[39m[31m[1m
^[22m[39m[31m[1m^
[22m[39m[31m[1m^
[22m[39m
[31m[1m>[22m[39m
[90m 10 |[39m     [
33mSelect[39m[33m,
[39m
 [90m    |[39m [31
m[1m^[22m[39m[31m
[1m^[22m[39m[31m
[1m^[22m[39m[31m[
1m^[22m[39m[31m[1
m^[22m[39m[31m[1m
^[22m[39m[31m[1m^
[22m[39m[31m[1m^
[22m[39m[31m[1m^[
22m[39m[31m[1m^[2
2m[39m[31m[1m^[22
m[39m
[31m[1m>[22m[39m
[90m 11 |[39m     [
33mSelectContent[39m
[33m,[39m
 [90m    |[39m [31
m[1m^[22m[39m[31m
[1m^[22m[39m[31m
[1m^[22m[39m[31m[
1m^[22m[39m[31m[1
m^[22m[39m[31m[1m
^[22m[39m[31m[1m^
[22m[39m[31m[1m^
[22m[39m[31m[1m^[
22m[39m[31m[1m^[2
2m[39m[31m[1m^[22
m[39m
[31m[1m>[22m[39m
[90m 12 |[39m     [
33mSelectItem[39m[3
3m,[39m
 [90m    |[39m [31
m[1m^[22m[39m[31m
[1m^[22m[39m[31m
[1m^[22m[39m[31m[
1m^[22m[39m[31m[1
m^[22m[39m[31m[1m
^[22m[39m[31m[1m^
[22m[39m[31m[1m^
[22m[39m[31m[1m^[
22m[39m[31m[1m^[2
2m[39m[31m[1m^[22
m[39m
[31m[1m>[22m[39m
[90m 13 |[39m     [
33mSelectTrigger[39m
[33m,[39m
 [90m    |[39m [31
m[1m^[22m[39m[31m
[1m^[22m[39m[31m
[1m^[22m[39m[31m[
1m^[22m[39m[31m[1
m^[22m[39m[31m[1m
^[22m[39m[31m[1m^
[22m[39m[31m[1m^
[22m[39m[31m[1m^[
22m[39m[31m[1m^[2
2m[39m[31m[1m^[22
m[39m
[31m[1m>[22m[39m
[90m 14 |[39m     [
33mSelectValue[39m[
33m,[39m
 [90m    |[39m [31
m[1m^[22m[39m[31m
[1m^[22m[39m[31m
[1m^[22m[39m[31m[
1m^[22m[39m[31m[1
m^[22m[39m[31m[1m
^[22m[39m[31m[1m^
[22m[39m[31m[1m^
[22m[39m[31m[1m^[
22m[39m[31m[1m^[2
2m[39m[31m[1m^[22
m[39m
[31m[1m>[22m[39m
[90m 15 |[39m } 
[36mfrom[39m [32m"
@/components/ui/selec
t"[39m
 [90m    |[39m [31
m[1m^[22m[39m[31m
[1m^[22m[39m[31m
[1m^[22m[39m[31m[
1m^[22m[39m[31m[1
m^[22m[39m[31m[1m
^[22m[39m[31m[1m^
[22m[39m[31m[1m^
[22m[39m[31m[1m^[
22m[39m[31m[1m^[2
2m[39m[31m[1m^[22
m[39m[31m[1m^[22m
[39m[31m[1m^[22m
[39m[31m[1m^[22m[
39m[31m[1m^[22m[3
9m[31m[1m^[22m[39
m[31m[1m^[22m[39m
[31m[1m^[22m[39m
[31m[1m^[22m[39m[
31m[1m^[22m[39m[3
1m[1m^[22m[39m[31
m[1m^[22m[39m[31m
[1m^[22m[39m[31m
[1m^[22m[39m[31m[
1m^[22m[39m[31m[1
m^[22m[39m[31m[1m
^[22m[39m[31m[1m^
[22m[39m[31m[1m^
[22m[39m[31m[1m^[
22m[39m[31m[1m^[2
2m[39m[31m[1m^[22
m[39m
 [90m 16 |[39m 
[36mimport[39m { [
33mCard[39m[33m,[3
9m [33mCardContent[
39m } [36mfrom[39m 
[32m"@/components/ui
/card"[39m
 [90m 17 |[39m 
[36mimport[39m { [
33mArrowLeft[39m[33
m,[39m 
[33mLoader2[39m } 
[36mfrom[39m [32m"
lucide-react"[39m
 [90m 18 |[39m 
[36mimport[39m 
[33mLink[39m 
[36mfrom[39m [32m"
next/link"[39m[0m

Import map: aliased 
to relative './src/co
mponents/ui/select' 
inside of [project]/D
ocuments/GitHub/natan
im-haile/chat-admin-p
anel


Import traces:
  Client Component 
Browser:
    ./Documents/GitHu
b/natanim-haile/chat-
admin-panel/src/app/u
sers/new/page.tsx 
[Client Component 
Browser]
    ./Documents/GitHu
b/natanim-haile/chat-
admin-panel/src/app/u
sers/new/page.tsx 
[Server Component]

  Client Component 
SSR:
    ./Documents/GitHu
b/natanim-haile/chat-
admin-panel/src/app/u
sers/new/page.tsx 
[Client Component 
SSR]
    ./Documents/GitHu
b/natanim-haile/chat-
admin-panel/src/app/u
sers/new/page.tsx 
[Server Component]

https://nextjs.org/do
cs/messages/module-no
t-found


./Documents/GitHub/na
tanim-haile/chat-admi
n-panel/src/app/email
s/page.tsx:7:1
Module not found: 
Can't resolve '@/comp
onents/ui/textarea'
[0m [90m  5 |[39m 
[36mimport[39m { 
[33mInput[39m } 
[36mfrom[39m [32m"
@/components/ui/input
"[39m
 [90m  6 |[39m 
[36mimport[39m { 
[33mLabel[39m } 
[36mfrom[39m [32m"
@/components/ui/label
"[39m
[31m[1m>[22m[39m
[90m  7 |[39m 
[36mimport[39m { 
[33mTextarea[39m } 
[36mfrom[39m [32m"
@/components/ui/texta
rea"[39m
 [90m    |[39m [31
m[1m^[22m[39m[31m
[1m^[22m[39m[31m
[1m^[22m[39m[31m[
1m^[22m[39m[31m[1
m^[22m[39m[31m[1m
^[22m[39m[31m[1m^
[22m[39m[31m[1m^
[22m[39m[31m[1m^[
22m[39m[31m[1m^[2
2m[39m[31m[1m^[22
m[39m[31m[1m^[22m
[39m[31m[1m^[22m
[39m[31m[1m^[22m[
39m[31m[1m^[22m[3
9m[31m[1m^[22m[39
m[31m[1m^[22m[39m
[31m[1m^[22m[39m
[31m[1m^[22m[39m[
31m[1m^[22m[39m[3
1m[1m^[22m[39m[31
m[1m^[22m[39m[31m
[1m^[22m[39m[31m
[1m^[22m[39m[31m[
1m^[22m[39m[31m[1
m^[22m[39m[31m[1m
^[22m[39m[31m[1m^
[22m[39m[31m[1m^
[22m[39m[31m[1m^[
22m[39m[31m[1m^[2
2m[39m[31m[1m^[22
m[39m[31m[1m^[22m
[39m[31m[1m^[22m
[39m[31m[1m^[22m[
39m[31m[1m^[22m[3
9m[31m[1m^[22m[39
m[31m[1m^[22m[39m
[31m[1m^[22m[39m
[31m[1m^[22m[39m[
31m[1m^[22m[39m[3
1m[1m^[22m[39m[31
m[1m^[22m[39m[31m
[1m^[22m[39m[31m
[1m^[22m[39m[31m[
1m^[22m[39m[31m[1
m^[22m[39m[31m[1m
^[22m[39m[31m[1m^
[22m[39m[31m[1m^
[22m[39m[31m[1m^[
22m[39m
 [90m  8 |[39m 
[36mimport[39m { [
33mMail[39m[33m,[3
9m [33mPlus[39m } 
[36mfrom[39m [32m"
lucide-react"[39m
 [90m  9 |[39m
 [90m 10 |[39m 
[36mexport[39m 
[36mdefault[39m 
[36mfunction[39m [
33mEmailsPage[39m() 
{[0m

Import map: aliased 
to relative './src/co
mponents/ui/textarea'
 inside of [project]/
Documents/GitHub/nata
nim-haile/chat-admin-
panel


Import traces:
  Client Component 
Browser:
    ./Documents/GitHu
b/natanim-haile/chat-
admin-panel/src/app/e
mails/page.tsx 
[Client Component 
Browser]
    ./Documents/GitHu
b/natanim-haile/chat-
admin-panel/src/app/e
mails/page.tsx 
[Server Component]

  Client Component 
SSR:
    ./Documents/GitHu
b/natanim-haile/chat-
admin-panel/src/app/e
mails/page.tsx 
[Client Component 
SSR]
    ./Documents/GitHu
b/natanim-haile/chat-
admin-panel/src/app/e
mails/page.tsx 
[Server Component]

https://nextjs.org/do
cs/messages/module-no
t-found


./Documents/GitHub/na
tanim-haile/chat-admi
n-panel/src/app/notif
ications/page.tsx:7:1
Module not found: 
Can't resolve '@/comp
onents/ui/textarea'
[0m [90m  5 |[39m 
[36mimport[39m { 
[33mInput[39m } 
[36mfrom[39m [32m"
@/components/ui/input
"[39m
 [90m  6 |[39m 
[36mimport[39m { 
[33mLabel[39m } 
[36mfrom[39m [32m"
@/components/ui/label
"[39m
[31m[1m>[22m[39m
[90m  7 |[39m 
[36mimport[39m { 
[33mTextarea[39m } 
[36mfrom[39m [32m"
@/components/ui/texta
rea"[39m
 [90m    |[39m [31
m[1m^[22m[39m[31m
[1m^[22m[39m[31m
[1m^[22m[39m[31m[
1m^[22m[39m[31m[1
m^[22m[39m[31m[1m
^[22m[39m[31m[1m^
[22m[39m[31m[1m^
[22m[39m[31m[1m^[
22m[39m[31m[1m^[2
2m[39m[31m[1m^[22
m[39m[31m[1m^[22m
[39m[31m[1m^[22m
[39m[31m[1m^[22m[
39m[31m[1m^[22m[3
9m[31m[1m^[22m[39
m[31m[1m^[22m[39m
[31m[1m^[22m[39m
[31m[1m^[22m[39m[
31m[1m^[22m[39m[3
1m[1m^[22m[39m[31
m[1m^[22m[39m[31m
[1m^[22m[39m[31m
[1m^[22m[39m[31m[
1m^[22m[39m[31m[1
m^[22m[39m[31m[1m
^[22m[39m[31m[1m^
[22m[39m[31m[1m^
[22m[39m[31m[1m^[
22m[39m[31m[1m^[2
2m[39m[31m[1m^[22
m[39m[31m[1m^[22m
[39m[31m[1m^[22m
[39m[31m[1m^[22m[
39m[31m[1m^[22m[3
9m[31m[1m^[22m[39
m[31m[1m^[22m[39m
[31m[1m^[22m[39m
[31m[1m^[22m[39m[
31m[1m^[22m[39m[3
1m[1m^[22m[39m[31
m[1m^[22m[39m[31m
[1m^[22m[39m[31m
[1m^[22m[39m[31m[
1m^[22m[39m[31m[1
m^[22m[39m[31m[1m
^[22m[39m[31m[1m^
[22m[39m[31m[1m^
[22m[39m[31m[1m^[
22m[39m
 [90m  8 |[39m 
[36mimport[39m { 
[33mSend[39m } 
[36mfrom[39m [32m"
lucide-react"[39m
 [90m  9 |[39m
 [90m 10 |[39m 
[36mexport[39m 
[36mdefault[39m 
[36mfunction[39m [
33mNotificationsPage
[39m() {[0m

Import map: aliased 
to relative './src/co
mponents/ui/textarea'
 inside of [project]/
Documents/GitHub/nata
nim-haile/chat-admin-
panel


Import traces:
  Client Component 
Browser:
    ./Documents/GitHu
b/natanim-haile/chat-
admin-panel/src/app/n
otifications/page.tsx
 [Client Component 
Browser]
    ./Documents/GitHu
b/natanim-haile/chat-
admin-panel/src/app/n
otifications/page.tsx
 [Server Component]

  Client Component 
SSR:
    ./Documents/GitHu
b/natanim-haile/chat-
admin-panel/src/app/n
otifications/page.tsx
 [Client Component 
SSR]
    ./Documents/GitHu
b/natanim-haile/chat-
admin-panel/src/app/n
otifications/page.tsx
 [Server Component]

https://nextjs.org/do
cs/messages/module-no
t-found


    at <unknown> (./D
ocuments/GitHub/natan
im-haile/chat-admin-p
anel/src/app/emails/p
age.tsx:6:1)
    at <unknown> (htt
ps://nextjs.org/docs/
messages/module-not-f
ound)
    at <unknown> (./D
ocuments/GitHub/natan
im-haile/chat-admin-p
anel/src/app/notifica
tions/page.tsx:6:1)
    at <unknown> (htt
ps://nextjs.org/docs/
messages/module-not-f
ound)
    at <unknown> (./D
ocuments/GitHub/natan
im-haile/chat-admin-p
anel/src/app/users/ne
w/page.tsx:8:1)
    at <unknown> (htt
ps://nextjs.org/docs/
messages/module-not-f
ound)
    at <unknown> (./D
ocuments/GitHub/natan
im-haile/chat-admin-p
anel/src/app/chat/pag
e.tsx:8:1)
    at <unknown> (htt
ps://nextjs.org/docs/
messages/module-not-f
ound)
    at <unknown> (./D
ocuments/GitHub/natan
im-haile/chat-admin-p
anel/src/app/users/ne
w/page.tsx:9:1)
    at <unknown> (htt
ps://nextjs.org/docs/
messages/module-not-f
ound)
    at <unknown> (./D
ocuments/GitHub/natan
im-haile/chat-admin-p
anel/src/app/emails/p
age.tsx:7:1)
    at <unknown> (htt
ps://nextjs.org/docs/
messages/module-not-f
ound)
    at <unknown> (./D
ocuments/GitHub/natan
im-haile/chat-admin-p
anel/src/app/notifica
tions/page.tsx:7:1)
    at <unknown> (htt
ps://nextjs.org/docs/
messages/module-not-f
ound)
